border_size=1
usage=map

Wo          , Wo          , Wo          , Ww          , Ww          , Ww          , Ww          , Ds          , Ds          , Ds          , Gs          , Gg          , Gg          , Gs^Fds      , Gs^Fds      , Gs^Fds      , Gs^Fds      , Gs^Fds      , Gs^Fds      , Gs^Fds      , Gs^Fds      , Gs^Fds      , Gs^Fds      , Gs^Fds      , Gs^Fds      , Gs^Fds      , Gs^Fds      , Gs^Fds      , Gs^Fds      , Gs^Fds      , Gs^Fds      , Gs^Fds      , Gs^Ft       , Gs^Fds      , Gs^Fds      , Gs^Fds      , Gs^Fds      , Gs^Fds      , Gs^Fds      , Gs^Fds      , Gs^Fds      , Gs^Fds      , Gs^Fds      , Gs^Fds      , Gs^Fds      , Gs^Fds      , Gs^Fds      , Gs^Fds      , Gs^Fds      , Gs^Fds      , Gs^Fds      , Gs^Fds      , Rr          , Rr          
Wo          , Wo          , Wo          , Ww          , Ww          , Ww          , Ww          , Ds          , Ds          , Ds          , Ds          , Gs          , Gg          , Gs^Fds      , Gs^Fds      , Gs^Fds      , Gs^Ft       , Gs^Fds      , Gs^Fds      , Gs^Fds      , Gs^Ft       , Gs^Fds      , Gs^Fds      , Gs^Fds      , Gs^Fds      , Gs^Fds      , Gs^Ft       , Gs^Fds      , Gs^Fds      , Gs^Fds      , Gs^Fds      , Gs^Fds      , Gs^Fds      , Gs^Fds      , Gs^Fds      , Gs^Fds      , Gs^Fds      , Gs^Fds      , Gs^Fds      , Gs^Fds      , Gs^Fds      , Gs^Fds      , Hh^Fds      , Gs^Fds      , Gs^Fds      , Hh^Fds      , Gs^Ft       , Gs^Fds      , Rr          , Rr          , Rr          , Rr          , Gs^Fds      , Gs^Fds      
Wo          , Wo          , Wo          , Wo          , Ww          , Ww          , Ww          , Ww          , Ds          , Ds          , Ds          , Gs          , Gs^Ft       , Gg          , Gs^Fds      , Gs^Fds      , Gg^Ve       , Gs^Fds      , Gs^Fds      , Gs^Fds      , Gs^Fds      , Gs^Fds      , Gg^Ve       , Gs^Fds      , Gs^Fds      , Gs^Fds      , Gs^Fds      , Gs^Fds      , Gs^Fds      , Gs^Fds      , Gs^Fds      , Gs^Fds      , Gs^Fds      , Gs^Fds      , Gs^Fds      , Gs^Fds      , Gs^Fds      , Gs^Fds      , Gs^Fds      , Gs^Fds      , Gs^Fds      , Gs^Fds      , Gs^Fds      , Gs^Fds      , Gs^Fds      , Gs^Fds      , Gs^Fds      , Gs^Fds      , Rr          , Hh^Fds      , Gs^Fds      , Gs^Fds      , Gs^Fds      , Gs^Fds      
Wo          , Wo          , Wo          , Ww          , Ww          , Ww          , Ww          , Ww          , Ds          , Ds          , Dd          , Dd          , Gs          , Gg          , Gs^Ft       , Gs^Fds      , Gs^Fds      , Gs^Fds      , Gs^Fds      , Gs^Fds      , Gs^Fds      , Gs^Ft       , Gs^Fds      , Gs^Fds      , Gs^Ft       , Gs^Fds      , Gs^Fds      , Gs^Fds      , Gs^Fds      , Gs^Fds      , Gs^Fds      , Gg^Ve       , Gs^Fds      , Gs^Fds      , Gs^Ft       , Gs^Ft       , Gs^Fds      , Gg^Ve       , Gs^Fds      , Gs^Fds      , Gs^Ft       , Gs^Fds      , Gs^Fds      , Gs^Fds      , Gs^Fds      , Gs^Fds      , Gs^Fds      , Gs^Fds      , Rr          , Gs^Ft       , Gs^Fds      , Gs^Fds      , Gs^Fds      , Gs^Fds      
Wo          , Wo          , Wo          , Ww          , Ww          , Ww          , Ww          , Ds          , Ds          , Gs^Fds      , Dd^Ft       , Dd          , Gs          , Gg          , Gg          , Gs^Fds      , Gs^Fds      , Gs^Fds      , Gs^Fds      , Gs^Fds      , Gs^Fds      , Gs^Fds      , Gs^Fds      , Gs^Fds      , Gs^Fds      , Gs^Fds      , Gs^Fds      , Gs^Fds      , Gs^Fds      , Gs^Fds      , Gs^Fds      , Gs^Fds      , Hh^Fds      , Gs^Fds      , Gs^Fds      , Gs^Ft       , Gs^Fds      , Gs^Fds      , Gs^Fds      , Gs^Fds      , Gs^Fds      , Gs^Fds      , Gs^Fds      , Gs^Fds      , Gg          , Cv          , Gs          , Rr          , Gs^Fds      , Gs^Fds      , Gs^Fds      , Gs^Fds      , Gs^Fds      , Gs^Fds      
Wo          , Wo          , Wo          , Wo          , Ww          , Ww          , Ww          , Ds          , Ds          , Ds          , Dd          , Dd          , Md          , Gs          , Gs          , Gg          , Gg          , Gs^Fds      , Gs^Fds      , Gs^Ft       , Gs^Fds      , Gs^Fds      , Gs^Ft       , Gs^Fds      , Gs^Fds      , Gs^Fds      , Gs^Fds      , Gs^Ft       , Gs^Fds      , Gs^Fds      , Gs^Ft       , Gs^Fds      , Gs^Fds      , Gs^Ft       , Gs^Fds      , Gs^Fds      , Gs^Fds      , Hh^Fds      , Hh^Fds      , Gs^Fds      , Gs^Fds      , Gs^Fds      , Gg          , Cv          , Gg^Ve       , Gg          , Rr          , Cv          , Gg^Ft       , Gs^Fds      , Gs^Fds      , Gs^Fds      , Gs^Fds      , Gs^Fds      
Wo          , Wo          , Wo          , Wo          , Ww          , Ww          , Ww          , Ds          , Ds          , Dd          , Hd          , Md^Xm       , Md^Xm       , Md          , Dd          , Gs^Ft       , Gs          , Gg          , Gs^Fds      , Gs^Fds      , Gs^Fds      , Gs^Fds      , Gs^Fds      , Gs^Fds      , Gs^Fds      , Gs^Fds      , Gs^Ft       , Gs^Fds      , Gs^Fds      , Gs^Fds      , Gs^Fds      , Gs^Fds      , Gs^Fds      , Gs^Fds      , Gs^Fds      , Gs^Fds      , Gs^Fds      , Hh^Fds      , Gs^Fds      , Hh          , Gs^Fds      , Cv          , Gs          , Rr          , Ggf         , Rr          , Gg^Ve       , Rr          , Gg          , Cv          , Gs^Fds      , Gs^Fds      , Gs^Fds      , Gs^Fds      
Wo          , Wo          , Wo          , Wo          , Ww          , Ww          , Ds          , Ds          , Ds          , Dd          , Md          , Md^Xm       , Md^Xm       , Md          , Dd          , Dd          , Gs          , Gg          , Gs^Fds      , Gs^Fds      , Gs^Fds      , Gs^Fds      , Gs^Fds      , Gs^Fds      , Gs^Fds      , Gs^Fds      , Gs^Fds      , Gs^Fds      , Gs^Fds      , Gs^Fds      , Gs^Fds      , Gs^Fds      , Gs^Fds      , Gs^Fds      , Gs^Fds      , Gs^Fds      , Gs^Fds      , Gs^Fds      , Gs^Fds      , Gs^Fds      , Gs^Fds      , Ggf         , Rr          , Rr          , Cv          , Cv          , Cv          , Rr          , Gg^Ve       , Gg          , Gs^Fds      , Gs^Fds      , Gs^Ft       , Gs^Fds      
Wo          , Wo          , Wo          , Wo          , Ww          , Ww          , Ds          , Ds          , Ds          , Dd          , Md^Xm       , Md^Xm       , Md          , Hd          , Dd          , Dd          , Gs          , Gg          , Gg          , Gs^Fds      , Gs^Fds      , Gg^Ve       , Gs^Fds      , Gs^Fds      , Gs^Fds      , Gs^Fds      , Gg          , Gs^Fds      , Gs^Fds      , Gs^Fds      , Gs^Fds      , Gs^Fds      , Gs^Ft       , Gs^Fds      , Gs^Fds      , Gg^Ve       , Gs^Fds      , Gs^Fds      , Gs^Fds      , Gs^Fds      , Gs^Fds      , Cv          , Rr          , Gg^Ft       , Cv          , 1 Kv        , Cv          , Ggf         , Rr          , Cv          , Gs^Fds      , Gs^Fds      , Gs^Fds      , Gs^Fds      
Wo          , Wo          , Wo          , Wo          , Ww          , Ww          , Ww          , Ds          , Ds          , Ds          , Md          , Md^Xm       , Dd          , Dd          , Dd          , Dd          , Dd          , Gs          , Gs          , Gg^Fds      , Gg^Fds      , Gs^Fds      , Gg          , Gs^Fds      , Gg          , Gs^Ft       , Gg          , Gs^Fds      , Gs^Fds      , Gs^Ft       , Gs^Fds      , Gs^Fds      , Gs^Fds      , Gs^Fds      , Gs^Fds      , Gs^Fds      , Gs^Ft       , Gs^Fds      , Gs^Fds      , Gs^Fds      , Gs^Fds      , Gg          , Gg^Ve       , Rr          , Rr          , Cv          , Gg^Ve       , Rr          , Gg^Ft       , Gg          , Gs^Fds      , Gs^Fds      , Gs^Fds      , Gs^Fds      
Wo          , Wo          , Wo          , Ww          , Ww          , Ww          , Ww          , Ds          , Ds          , Ds          , Ds          , Hd          , Dd          , Dd          , Dd          , Dd          , Dd          , Dd          , Dd          , Gs          , Gs          , Gg          , Gs          , Gg          , Gs^Fds      , Gg          , Gg^Fds      , Gg          , Gs^Fds      , Gs^Fds      , Gg^Ve       , Gs^Fds      , Gs^Fds      , Gs^Fds      , Gs^Fds      , Gs^Fds      , Gs^Fds      , Gs^Fds      , Gs^Fds      , Gs^Fds      , Gs^Fds      , Cv          , Ggf         , Gs          , Rr          , Gg          , Rr          , Gg          , Gs          , Cv          , Gs^Fds      , Gs^Fds      , Gs^Fds      , Gs^Fds      
Wo          , Wo          , Wo          , Ww          , Ww          , Ww          , Ww          , Ww          , Ds          , Ds          , Ds          , Dd          , Dd          , Dd          , Dd^Ft       , Dd          , Dd          , Dd          , Dd          , Dd          , Dd          , Gs          , Dd          , Gs          , Dd          , Gs          , Gs          , Gg          , Gg          , Gs^Fds      , Gs^Fds      , Gs^Fds      , Gs^Ft       , Gs^Fds      , Gg^Ve       , Hh^Fds      , Gs^Fds      , Gs^Fds      , Gs^Fds      , Gs^Ft       , Gs^Fds      , Gs^Fds      , Gs^Fds      , Kv          , Cv          , Rr          , Cv          , Kv          , Gs^Fds      , Gs^Fds      , Gs^Fds      , Gs^Ft       , Gs^Fds      , Gs^Fds      
Wo          , Wo          , Wo          , Wo          , Ww          , Ww          , Ww          , Ww          , Ds          , Ds          , Ds          , Dd          , Dd          , Dd          , Dd          , Dd          , Dd          , Dd          , Dd          , Dd          , Dd^Do       , Dd          , Dd          , Dd          , Dd          , Dd^Fds      , Gs          , Gg          , Gg          , Gg          , Gg          , Gs^Fds      , Gs^Fds      , Gs^Fds      , Gs^Fds      , Gs^Fds      , Gs^Fds      , Gs^Ft       , Gs^Fds      , Gs^Fds      , Gs^Fds      , Gs^Fds      , Gs^Fds      , Cv          , Rr          , Rr          , Gs^Fds      , Cv          , Gs^Fds      , Gs^Fds      , Gs^Fds      , Gs^Fds      , Gs^Fds      , Gs^Fds      
Wo          , Wo          , Wo          , Wo          , Ww          , Ww          , Ww          , Ww          , Ds          , Ds          , Ds          , Dd          , Dd          , Dd          , Dd          , Dd          , Dd          , Dd          , Dd          , Dd          , Dd          , Dd          , Hd          , Hd          , Dd          , Gs          , Gs          , Gs          , Gs          , Gs^Ft       , Gg          , Gg          , Gg          , Gs^Fds      , Gs^Ft       , Gs^Fds      , Gs^Fds      , Gs^Fds      , Gg^Ve       , Gs^Fds      , Gs^Fds      , Gs^Fds      , Gs^Fds      , Gs^Fds      , Rr          , Gs^Fds      , Gs^Fds      , Gs^Fds      , Gs^Fds      , Gs^Fds      , Gs^Fds      , Gs^Fds      , Gs^Fds      , Gs^Fds      
Wo          , Wo          , Wo          , Wo          , Ww          , Ww          , Ww          , Ww          , Ds          , Ds          , Ds          , Ds          , Dd          , Dd          , Dd          , Dd          , Dd          , Dd          , Dd          , Dd          , Dd^Ft       , Gs          , Hd          , Hd          , Hd^Ft       , Dd          , Dd          , Dd^Fds      , Dd          , Gs          , Gs          , Gg          , Gs^Ft       , Gg          , Gg          , Gg          , Gg          , Gs^Fds      , Gs^Fds      , Gs^Fds      , Gs^Fds      , Gs^Fds      , Gs^Fds      , Rr          , Gs^Fds      , Gs^Fds      , Gs^Ft       , Gs^Fds      , Gs^Fds      , Gs^Fds      , Gg^Ve       , Gs^Fds      , Gs^Fds      , Gs^Fds      
Wo          , Wo          , Wo          , Ww          , Ww          , Ww          , Ds          , Ds          , Ds          , Ds          , Ds^Ft       , Ds          , Dd          , Dd          , Dd          , Dd          , Dd          , Dd          , Dd          , Dd          , Dd          , Dd          , Dd          , Hd          , Dd          , Dd          , Gs          , Dd          , Hd^Ft       , Dd          , Dd          , Gs          , Gs          , Gg          , Gg^Ft       , Gg          , Gg          , Gg          , Gg          , Gs^Fds      , Gs^Fds      , Kv          , Rr          , Rr          , Gs^Fds      , Hh^Fds      , Hh^Fds      , Gs^Fds      , Gs^Fds      , Gs^Fds      , Gs^Fds      , Gs^Fds      , Gs^Fds      , Gs^Fds      
Wo          , Wo          , Wo          , Ww          , Ww          , Ww          , Ds          , Ds          , Ds          , Ds          , Dd          , Dd          , Dd          , Dd          , Dd          , Dd          , Dd          , Ce          , Gs          , Ce          , Dd          , Ce          , Dd          , Dd          , Gs          , Dd          , Dd^Do       , Hd          , Hd          , Dd          , Dd          , Dd          , Gs^Ft       , Gs          , Gs^Ft       , Gs^Ft       , Gs^Ft       , Gg          , Gg          , Gg          , Gg          , Gg          , Gg          , Kv          , Gs^Fds      , Gs^Fds      , Gs^Fds      , Gg^Ve       , Gs^Fds      , Gs^Fds      , Gs^Fds      , Gs^Fds      , Gs^Fds      , Gs^Fds      
Wo          , Wo          , Wo          , Ww          , Ww          , Ww          , Ds          , Ds          , Ds          , Dd          , Dd          , Dd          , Dd          , Dd          , Dd          , Dd          , Dd          , Gs          , Gs          , Dd          , Re^Vct      , Dd          , Dd          , Ce          , Gs          , Dd          , Dd          , Hd          , Gs          , Hd          , Dd          , Dd          , Dd          , Dd          , Dd          , Gs          , Gs          , Gs          , Gs          , Gg^Fds      , Gg          , Gg          , Gg          , Gg          , Gg          , Gs^Ft       , Gg          , Gs^Fds      , Gs^Fds      , Gs^Fds      , Gs^Fds      , Gs^Fds      , Gg          , Gg          
Wo          , Wo          , Wo          , Ww          , Ww          , Ww          , Ww          , Ds          , Ds          , Dd          , Dd          , Dd          , Dd          , Dd          , Dd          , Dd          , Dd          , Dd          , Dd          , Dd          , Dd          , Dd          , Ce          , Gs          , Gs          , Ce          , Dd          , Ce          , Dd          , Dd          , Dd          , Dd          , Dd^Ft       , Dd^Ft       , Dd          , Dd          , Dd          , Dd          , Dd          , Gs          , Gs          , Gs          , Gs^Ft       , Gs^Ft       , Gg          , Gg          , Gg^Fds      , Gg          , Gg          , Gg          , Gg          , Gg          , Gs^Ft       , Gg          
Wo          , Wo          , Wo          , Wo          , Ww          , Ww          , Ww          , Ds          , Ds          , Ds          , Dd          , Dd          , Dd          , Dd          , Dd^Do       , Dd          , Dd          , Dd          , Dd^Ft       , Dd          , Gs          , Ce          , 3 Ke        , Ce          , Dd          , Dd          , Re^Vct      , Dd          , Dd          , Ce          , Dd          , Dd          , Dd          , Dd^Ft       , Hd          , Gs          , Hd          , Dd          , Dd          , Dd          , Dd          , Dd          , Dd          , Gs^Ft       , Gs          , Gg          , Gs          , Gg          , Gs^Ft       , Gg          , Gg          , Gg          , Gs          , Gs          
Wo          , Wo          , Wo          , Wo          , Wo          , Ww          , Ww          , Ds          , Ds          , Ds          , Ds          , Dd          , Dd          , Dd          , Dd          , Dd          , Dd          , Dd          , Dd          , Gs          , Gs          , Re^Vct      , Ce          , Ce          , Re^Vct      , Dd          , Dd          , Dd          , Dd          , Dd          , Ce          , Dd          , Dd^Do       , Dd          , Gs          , Hd          , Hd          , Dd^Ft       , Hd          , Dd^Do       , Dd          , Dd          , Dd          , Dd          , Dd^Ft       , Gs          , Dd          , Gs          , Gs          , Gs          , Gs          , Gs^Fds      , Dd^Fds      , Dd          
Wo          , Wo          , Wo          , Wo          , Wo          , Ww          , Ww          , Ww          , Ds          , Ds          , Ds          , Dd          , Dd          , Dd          , Dd          , Dd          , Dd          , Dd          , Dd          , Dd          , Dd          , Gs          , Gs          , Gs          , Gs          , Dd          , Dd          , Dd          , Gs          , Dd          , Dd          , Dd          , Dd          , Dd          , Dd          , Hd          , Gs          , Hd          , Hd          , Dd          , Dd          , Dd^Ft       , Dd          , Dd          , Dd          , Dd          , Dd          , Dd          , Gs          , Gs          , Dd          , Dd^Fds      , Dd          , Dd          
Wo          , Wo          , Wo          , Wo          , Wo          , Ww          , Ww          , Ww          , Ds          , Ds          , Dd          , Dd          , Dd          , Dd          , Dd          , Dd          , Dd          , Dd          , Dd          , Dd          , Re^Vct      , Gs          , Gs          , Gs^Ft       , Dd          , Dd          , Gs          , Dd^Ft       , Gs          , Gs          , Dd          , Ce          , Dd          , Dd          , Dd          , Dd          , Dd          , Hd          , Hd          , Gs          , Hd          , Hd          , Dd          , Dd          , Dd          , Dd          , Dd^Ft       , Dd          , Dd^Do       , Gs          , Dd          , Dd          , Dd          , Dd          
Wo          , Wo          , Wo          , Wo          , Ww          , Ww          , Ww          , Ds          , Ds          , Ds          , Dd          , Dd          , Dd          , Dd^Ft       , Dd          , Dd          , Dd          , Dd          , Dd          , Dd          , Dd          , Dd          , Dd          , Gs          , Dd          , Dd          , Re^Vct      , Dd          , Dd          , Dd          , Dd          , Dd          , Dd          , Ce          , Dd          , Ce          , Dd          , Gs          , Gs          , Gs          , Gs          , Hd^Ft       , Dd          , Dd^Vdt      , Dd          , Dd          , Dd          , Dd          , Dd          , Dd          , Dd          , Dd          , Dd          , Dd          
Wo          , Wo          , Ww          , Ww          , Ww          , Ww          , Ww          , Ds          , Ds          , Ds          , Dd          , Dd          , Dd          , Dd          , Dd          , Dd          , Dd          , Dd          , Dd          , Dd          , Dd^Ft       , Dd          , Dd          , Dd          , Gs          , Dd          , Dd          , Dd          , Gs          , Dd          , Re^Vct      , Dd^Ft       , Dd          , Dd          , Dd^Ft       , Dd          , Dd          , Ce          , Dd          , Gs          , Dd          , Dd          , Hd          , Hd          , Hd^Ft       , Hd          , Hd          , Dd          , Dd          , Dd          , Dd          , Dd^Ft       , Dd          , Dd          
Wo          , Wo          , Ww          , Ww          , Ww          , Ww          , Ww          , Ds          , Ds          , Ds          , Ds^Ft       , Dd          , Dd          , Dd          , Dd          , Dd          , Dd          , Dd          , Dd          , Dd          , Dd          , Dd          , Dd          , Dd          , Dd          , Dd^Ft       , Dd          , Dd          , Dd^Ft       , Dd          , Dd          , Dd          , Dd          , Dd          , Dd          , Gs          , Dd          , Dd          , Ce          , Dd          , Dd          , Dd^Ft       , Dd          , Hd          , Hd          , Hd          , Dd          , Gs          , Hd          , Hd          , Dd          , Dd          , Dd          , Dd          
Wo          , Wo          , Ww          , Ww          , Ww          , Ww          , Ww          , Ww          , Ds          , Ds          , Ds          , Dd          , Dd          , Dd          , Dd          , Dd          , Dd^Do       , Dd          , Dd          , Dd          , Dd          , Dd          , Dd          , Dd          , Gs          , Dd          , Dd          , Dd          , Dd          , Dd          , Dd          , Dd          , Re^Vct      , Dd          , Gs          , Gs          , Gs          , Dd          , Dd          , Dd          , Dd          , Dd          , Dd          , Dd          , Dd^Do       , Dd          , Dd^Ft       , Dd          , Gs          , Hd          , Hd          , Dd          , Hd          , Dd          
Wo          , Wo          , Ww          , Ww          , Ww          , Ww          , Ww          , Ww          , Ww          , Ds          , Ds          , Ds          , Dd          , Dd          , Dd          , Dd          , Dd          , Dd          , Dd          , Dd          , Dd          , Dd          , Dd          , Dd          , Gs          , Gs          , Dd          , Dd          , Gs          , Dd          , Re^Vct      , Gs          , Ce          , Ce          , Ce          , Gs          , Re^Vct      , Dd          , Dd          , Ce          , Dd          , Dd          , Gs          , Dd          , Dd          , Dd          , Dd          , Gs          , Gs          , Hd          , Dd^Vdt      , Hd          , Dd^Ft       , Dd          
Wo          , Wo          , Wo          , Ww          , Ww          , Ww          , Ww          , Ww          , Ww          , Ds          , Ds          , Ds          , Ds          , Dd          , Dd          , Dd          , Dd          , Dd          , Dd          , Dd          , Dd          , Dd          , Dd          , Dd          , Dd          , Dd          , Dd          , Dd          , Dd          , Dd          , Dd          , Dd          , Ce          , 2 Ke        , Ce          , Gs          , Dd^Ft       , Dd          , Dd          , Dd          , Dd          , Ce          , Dd          , Ce          , Dd          , Dd          , Dd          , Dd          , Dd          , Dd          , Dd          , Hd          , Hd          , Dd          
Wo          , Wo          , Ww          , Ww          , Ww          , Ww          , Ww          , Ww          , Ww          , Ww          , Ds          , Ds          , Ds          , Ds          , Dd          , Dd          , Dd          , Dd          , Dd          , Dd          , Dd          , Dd          , Dd          , Dd          , Dd          , Dd          , Dd          , Dd          , Dd          , Dd          , Dd          , Gs          , Gs          , Ce          , Gs          , Gs          , Gs          , Gs          , Re^Vct      , Dd          , Dd          , Dd          , Dd          , Dd          , Dd          , Ce          , Dd          , Gs          , Gs          , Dd          , Dd          , Hd          , Dd          , Dd          
Wo          , Wo          , Ww          , Ww          , Ww          , Ww          , Ww          , Ww          , Ww          , Ww          , Ww          , Ds          , Ds          , Ds          , Dd          , Dd          , Dd          , Dd          , Dd          , Dd          , Dd          , Dd          , Dd          , Hd          , Hd          , Dd          , Hd          , Dd          , Dd          , Dd          , Dd          , Dd          , Re^Vct      , Dd          , Dd^Ft       , Re^Vct      , Gs          , Gs          , Dd          , Dd          , Dd^Ft       , Dd          , Dd          , Dd          , Dd          , Dd          , Ce          , Gs          , Ce          , Dd          , Gs          , Dd          , Dd          , Dd          
Wo          , Wo          , Wo          , Ww          , Ww          , Ww          , Ww          , Ww          , Ww          , Ww          , Ds          , Ds          , Ds          , Dd^Ft       , Dd          , Dd          , Dd          , Dd          , Dd          , Dd          , Dd          , Dd          , Dd          , Hd          , Hd          , Hd          , Hd          , Dd          , Dd          , Dd^Ft       , Dd          , Dd          , Dd          , Dd          , Dd          , Dd          , Dd          , Dd          , Dd          , Dd          , Dd          , Dd          , Dd          , Dd          , Dd          , Dd          , Dd          , Dd          , Dd          , Dd          , Ce          , Dd          , Ce          , Dd          
Wo          , Wo          , Wo          , Ww          , Ww          , Ww          , Ww          , Ww          , Ww          , Ww          , Ds          , Ds          , Ds          , Dd          , Dd          , Dd          , Dd          , Dd          , Dd          , Dd^Do       , Dd          , Dd          , Dd          , Hd          , Dd^Ft       , Hd          , Dd          , Dd          , Hd          , Dd          , Hd          , Dd          , Dd          , Dd          , Dd          , Dd          , Dd          , Dd^Ft       , Dd          , Dd          , Dd          , Dd          , Dd          , Dd^Ft       , Dd          , Re^Vct      , Dd          , Dd          , Ce          , Dd          , Gs          , Gs          , Dd          , Dd          
Wo          , Wo          , Wo          , Ww          , Ww          , Ww          , Ww          , Ww          , Ww          , Ww          , Ds          , Ds          , Dd          , Dd          , Dd          , Dd          , Dd          , Dd          , Dd          , Dd          , Dd          , Dd          , Dd          , Dd          , Dd          , Dd          , Dd          , Dd          , Hd          , Hd          , Hd          , Dd          , Dd          , Dd          , Dd          , Dd          , Dd          , Dd          , Dd          , Dd          , Dd          , Re^Vct      , Dd          , Dd          , Dd          , Dd          , Gs          , Ce          , 4 Ke        , Ce          , Dd          , Gs          , Re^Vct      , Dd          
Wo          , Wo          , Wo          , Ww          , Ww          , Ww          , Ww          , Ww          , Ww          , Ww          , Ds          , Ds          , Dd          , Dd          , Dd          , Dd          , Dd          , Dd          , Dd          , Dd          , Dd          , Hd          , Hd          , Dd          , Dd          , Dd          , Dd          , Dd          , Dd          , Dd          , Hd          , Hd          , Dd          , Dd          , Dd          , Dd          , Dd          , Dd          , Dd          , Dd          , Dd          , Dd          , Dd          , Dd          , Dd          , Gs          , Gs          , Ce          , Re^Vct      , Ce          , Gs          , Dd          , Dd          , Dd          
Wo          , Wo          , Wo          , Ww          , Ww          , Ww          , Ww          , Ww          , Ww          , Ds          , Ds          , Dd          , Dd^Ft       , Dd          , Dd          , Dd          , Dd          , Dd          , Hd          , Dd          , Hd          , Hd          , Hd          , Dd          , Dd          , Dd          , Dd          , Dd          , Dd          , Dd          , Dd          , Dd          , Dd          , Dd          , Dd          , Dd          , Dd          , Dd          , Dd          , Dd          , Dd          , Dd          , Dd          , Dd          , Dd          , Re^Vct      , Dd          , Dd          , Gs          , Gs          , Re^Vct      , Dd          , Dd          , Dd          
Wo          , Wo          , Wo          , Ww          , Ww          , Ww          , Ww          , Ww          , Ww          , Ds          , Ds          , Dd^Ft       , Dd^Ft       , Hd          , Dd          , Dd          , Dd          , Dd          , Dd          , Hd          , Dd          , Hd          , Dd          , Dd          , Dd          , Dd          , Dd          , Dd          , Dd          , Dd          , Dd          , Dd          , Dd^Ft       , Dd          , Dd          , Dd          , Dd          , Dd          , Dd          , Dd          , Dd          , Dd          , Dd          , Dd          , Dd          , Dd          , Dd          , Dd          , Dd          , Gs          , Dd          , Dd          , Dd^Ft       , Dd          
Wo          , Wo          , Wo          , Wo          , Ww          , Ww          , Ww          , Ww          , Ww          , Ds          , Ds          , Ds          , Dd          , Dd          , Dd          , Dd          , Hd          , Dd          , Dd          , Dd          , Dd          , Dd          , Ce          , Ce          , Ce          , Dd          , Dd          , Dd          , Dd^Do       , Dd          , Dd          , Dd          , Dd          , Dd          , Dd          , Dd          , Dd          , Dd          , Dd          , Dd          , Dd          , Dd          , Dd          , Dd          , Dd          , Dd          , Dd          , Dd^Ft       , Dd          , Dd          , Dd          , Dd          , Dd          , Dd          
Wo          , Wo          , Wo          , Wo          , Ww          , Ww          , Ww          , Ww          , Ww          , Ww          , Ds          , Dd          , Hd          , Dd          , Ds          , Dd          , Dd^Ft       , Dd          , Dd          , Dd          , Dd          , Dd          , Dd          , 5 Ke        , Ce          , Dd          , Dd          , Dd          , Dd          , Dd          , Hd          , Dd          , Dd          , Dd          , Dd          , Dd          , Dd          , Dd          , Dd          , Dd          , Dd          , Dd          , Dd          , Dd          , Dd          , Dd          , Dd          , Dd          , Dd          , Dd          , Dd          , Dd          , Dd          , Dd          
Wo          , Wo          , Wo          , Wo          , Wo          , Ww          , Ww          , Ww          , Ww          , Ww          , Ds          , Ds          , Dd          , Dd          , Dd          , Dd          , Dd          , Dd          , Dd          , Dd          , Dd          , Dd          , Dd          , Ce          , Dd          , Dd          , Dd          , Dd          , Dd          , Dd          , Hd          , Hd          , Hd          , Dd          , Dd          , Dd          , Dd          , Dd          , Dd          , Dd          , Dd          , Dd          , Dd          , Dd          , Dd          , Dd          , Dd          , Dd          , Dd          , Dd          , Dd          , Dd          , Dd          , Dd          
Wo          , Wo          , Ww          , Wo          , Ww          , Ww          , Ww          , Ww          , Ww          , Ww          , Ds          , Ds          , Ds          , Dd          , Ds          , Dd          , Ds          , Dd          , Dd          , Dd          , Dd          , Dd          , Dd          , Dd          , Dd          , Dd          , Dd          , Dd          , Dd          , Dd          , Hd          , Hd          , Hd          , Dd          , Dd          , Dd          , Dd          , Dd          , Dd          , Dd          , Dd          , Dd          , Dd          , Dd          , Dd          , Dd          , Dd          , Dd          , Dd          , Dd          , Dd          , Dd          , Dd          , Dd          
Wo          , Wo          , Ww          , Ww          , Ww          , Ww          , Ww          , Ww          , Ww          , Ww          , Ww          , Ds          , Ds          , Ds          , Ds^Ft       , Ds          , Ds          , Dd          , Dd          , Dd          , Dd          , Dd          , Dd          , Dd          , Dd          , Dd          , Dd          , Dd          , Dd          , Dd          , Dd          , Dd          , Dd          , Dd          , Dd          , Dd          , Dd          , Dd          , Dd          , Dd          , Dd          , Dd          , Dd^Do       , Dd          , Dd          , Dd          , Dd          , Dd          , Dd          , Dd          , Dd          , Dd          , Dd          , Dd          
Wo          , Wo          , Ww          , Ww          , Ww          , Ww          , Ww          , Ww          , Ww          , Ww          , Ww          , Ds          , Ds          , Ds          , Ds          , Ds          , Ds          , Ds          , Ds          , Dd^Ft       , Ds          , Ds          , Dd          , Dd          , Dd          , Dd          , Dd          , Dd          , Dd          , Dd          , Dd          , Dd          , Dd          , Dd          , Dd          , Dd          , Hd          , Dd          , Dd          , Dd          , Dd          , Dd          , Dd          , Dd          , Dd          , Dd          , Dd          , Dd          , Dd          , Dd          , Dd          , Dd          , Dd          , Dd          
Wo          , Wo          , Wo          , Ww          , Ww          , Ww          , Ww          , Ww          , Ww          , Ww          , Ww          , Ww          , Ww          , Ds          , Ds          , Ds          , Ds          , Ds          , Ds          , Ds          , Ds          , Ds          , Ds          , Dd          , Dd          , Dd          , Dd          , Dd          , Dd          , Dd          , Dd          , Dd          , Dd          , Dd          , Dd          , Hd          , Hd          , Hd          , Hd          , Hd          , Hd          , Dd          , Dd          , Dd          , Dd          , Dd          , Dd          , Dd          , Dd          , Dd          , Dd          , Dd          , Dd          , Dd          
Wo          , Wo          , Wo          , Wo          , Wo          , Ww          , Ww          , Ww          , Ww          , Ww          , Ww          , Ww          , Ww          , Ds          , Ds          , Ds          , Ds          , Ds          , Ds          , Ds          , Ds          , Ds          , Ds          , Ds          , Ds          , Dd          , Dd          , Dd          , Dd          , Dd          , Dd          , Dd          , Dd          , Dd          , Dd          , Hd          , Hd          , Hd          , Hd          , Hd          , Hd          , Dd          , Dd          , Dd          , Dd          , Dd          , Dd          , Dd          , Dd          , Dd          , Dd          , Dd          , Dd          , Dd          
Wo          , Wo          , Wo          , Wo          , Wo          , Ww          , Ww          , Ww          , Ww          , Ww          , Ww          , Ww          , Ww          , Ww          , Ds          , Ds          , Ds          , Ds          , Ds          , Ds          , Ds          , Ds          , Ds          , Ds          , Ds          , Ds          , Ds          , Ds          , Dd          , Dd          , Dd          , Dd          , Dd          , Dd          , Dd          , Dd          , Hd          , Hd          , Hd          , Hd          , Hd          , Hd          , Dd          , Dd          , Dd          , Dd          , Dd          , Dd          , Dd          , Dd          , Dd          , Dd          , Dd          , Dd          
