border_size=1
usage=map

Gs^Fds      , Gs^Fds      , Gs^Fds      , Gs^Fds      , Gs^Fds      , Gs^Fds      , Gs^Fds      , Gs^Fds      , Gs^Fds      , Gs^Fds      , Gs^Fds      , Gs^Fds      , Gs^Fds      , Gs^Fds      , Gs^Fds      , Gs^Fds      , Gs^Fds      , Gs^Fds      , Gs^Fds      , Gs^Fds      , Gs^Fds      , Gs^Fds      , Ww          , Wo          , Wo          , Ww          , Gs^Fds      , Gs^Fds      , Gs^Fds      , Gs^Fds      , Gs^Fds      , Gs^Fds      , Gs^Fds      , Gs^Fds      , Gs^Fds      , Gs^Fds      , Gs^Fds      , Gs^Fds      , Gs^Fds      , Gs^Fds      , Gs^Fds      , Gs^Fds      , Gs^Fds      , Gs^Fds      , Gs^Fds      , Gs^Fds      , Gg          , Gs^Fds      , Gs^Fds      , Gs^Fds      , Gs^Fds      , Gs^Fds      
Gs^Fds      , Gs^Ft       , Gs^Fds      , Gs^Fds      , Gs          , Gg          , Gg          , Gg          , Gg          , Gs^Fds      , Gs^Fds      , Gs^Fds      , Gs^Ft       , Gs^Fds      , Gs^Fds      , Gs^Fds      , Gs^Fds      , Gs^Fds      , Gs^Fds      , Gs^Fds      , Gs^Fds      , Gs^Fds      , Ww          , Wo          , Ww          , Ww          , Gs^Fds      , Gs^Fds      , Gs^Fds      , Gs^Fds      , Gs^Fds      , Gs^Fds      , Gs^Fds      , Gs^Fds      , Gs^Fds      , Gs^Fds      , Gs^Fds      , Gs^Fds      , Gs^Fds      , Gs^Fds      , Gs^Fds      , Gs^Fds      , Gg          , Gg          , Gg          , Gs          , Gs          , Gg          , Gg          , Gs^Fds      , Gs^Fds      , Gs^Fds      
Gs^Fds      , Gs^Fds      , Gs^Fds      , Gs          , Gs          , Re^Vct      , Ce          , Re^Vct      , Gs          , Gs          , Gg          , Gs^Fds      , Gs^Fds      , Gs^Fds      , Gs^Fds      , Gs^Ft       , Gs^Fds      , Gs^Fds      , Gs^Fds      , Gs^Fds      , Gs^Fds      , Gs^Fds      , Wo          , Wo          , Gs^Fds      , Gs^Fds      , Gs^Fds      , Gs^Fds      , Gs^Fds      , Gs^Fds      , Gs^Fds      , Gs^Fds      , Gs^Fds      , Gs^Fds      , Gs^Fds      , Gs^Ft       , Gs^Fds      , Gs^Fds      , Gs^Fds      , Gs^Fds      , Gs^Fds      , Gs^Fds      , Gs          , Re^Vct      , Gg          , Ce          , Ce          , Re^Vct      , Gs          , Gs^Fds      , Gs^Fds      , Gs^Fds      
Gs^Fds      , Gs^Fds      , Re^Vct      , Gg          , Re^Vct      , Ce          , Ce          , Gg          , Re^Vct      , Gs          , Gs^Fds      , Gs^Fds      , Gs^Fds      , Gs^Fds      , Gs^Fds      , Gs^Fds      , Gs^Fds      , Gs^Fds      , Gg^Ve       , Gs^Fds      , Gs^Fds      , Ww          , Wo          , Ww          , Gs^Ft       , Gs^Fds      , Gs^Fds      , Gs^Fds      , Gs^Fds      , Gs^Fds      , Gs^Fds      , Gs^Fds      , Gs^Fds      , Gs^Fds      , Gs^Fds      , Gs^Fds      , Gs^Fds      , Gs^Fds      , Gs^Fds      , Gs^Fds      , Gs^Fds      , Gs^Fds      , Gs          , Gs          , Gg          , Ce          , 5 Ke        , Gg          , Gs          , Gs          , Gg          , Gs^Fds      
Gs^Fds      , Gs^Fds      , Gg          , Gg          , Ce          , 4 Ke        , Ce          , Gg          , Gs          , Gg          , Gs^Fds      , Gs^Fds      , Gs^Fds      , Gs^Ft       , Gs^Fds      , Gs^Fds      , Gs^Fds      , Gs^Fds      , Gs^Fds      , Gs^Fds      , Wwf         , Wwf         , Wwf         , Cv          , Gs^Fds      , Gs^Fds      , Gs^Fds      , Gs^Fds      , Gs^Fds      , Gs^Fds      , Gs^Fds      , Gs^Ft       , Gs^Fds      , Gs^Fds      , Gs^Fds      , Gs^Fds      , Gs^Fds      , Gs^Fds      , Gs^Fds      , Gs^Fds      , Gs^Fds      , Gs^Fds      , Gg          , Re^Vct      , Rd          , Ce          , Ce          , Ce          , Gg          , Re^Vct      , Gg          , Gs^Fds      
Gs^Fds      , Gs^Fds      , Gs          , Re^Vct      , Ce          , Ce          , Gg          , Rd          , Gs          , Gs          , Gs^Fds      , Gs^Fds      , Gs^Fds      , Gs^Fds      , Gs^Fds      , Gs^Ft       , Gs^Fds      , Gs^Fds      , Gs^Fds      , Ww          , Wo          , Wwf         , Gs^Fds      , Gs^Fds      , Gs^Fds      , Gs^Fds      , Gs^Fds      , Gs^Fds      , Gs^Ft       , Gs^Fds      , Gs^Fds      , Gs^Fds      , Gs^Fds      , Gs^Fds      , Gs^Fds      , Gs^Fds      , Gs^Ft       , Gs^Fds      , Gs^Fds      , Gs^Fds      , Gs^Fds      , Gs^Fds      , Gs^Fds      , Gs          , Rd          , Gg          , Gg          , Ce          , Gs          , Gg          , Gs^Fds      , Gs^Fds      
Gs^Fds      , Gs^Fds      , Gs          , Gs          , Gg          , Re^Vct      , Gs          , Rd          , Rd          , Gs^Fds      , Gs^Fds      , Gs^Fds      , Gs^Fds      , Gs^Fds      , Gs^Fds      , Gs^Fds      , Gs^Fds      , Gs^Fds      , Gs^Fds      , Ww          , Wo          , Ww          , Gs^Fds      , Gs^Fds      , Gs^Fds      , Gs^Fds      , Gs^Fds      , Gs^Fds      , Gs^Fds      , Gs^Fds      , Gs^Fds      , Gs^Fds      , Gs^Fds      , Gs^Fds      , Gs^Fds      , Gs^Fds      , Gs^Fds      , Gs^Fds      , Gs^Fds      , Gs^Fds      , Gs^Ft       , Gs^Fds      , Rd          , Rd          , Gg          , Re^Vct      , Gg          , Re^Vct      , Gs          , Gs          , Gs^Fds      , Gs^Fds      
Gs^Fds      , Gs^Fds      , Gs^Ft       , Gs^Fds      , Gs^Fds      , Gs^Fds      , Gs^Fds      , Gs^Fds      , Rd          , Gs^Fds      , Gs^Fds      , Gs^Fds      , Gs^Fds      , Gs^Fds      , Gs^Fds      , Gs^Fds      , Gs^Fds      , Gs^Fds      , Ww          , Wo          , Wo          , Gs^Fds      , Gs^Fds      , Gs^Fds      , Gs^Fds      , Gs^Fds      , Gs^Fds      , Gs^Fds      , Gs^Fds      , Gs^Fds      , Gs^Fds      , Gs^Ft       , Gs^Fds      , Gs^Fds      , Gg^Ve       , Gs^Fds      , Gs^Fds      , Gs^Fds      , Gs^Fds      , Gs^Fds      , Gs^Fds      , Gs^Fds      , Rd          , Gs^Fds      , Gs^Fds      , Gs^Fds      , Gs^Fds      , Gg          , Gs^Fds      , Gs^Fds      , Gs^Fds      , Gs^Fds      
Gs^Fds      , Gs^Fds      , Gs^Fds      , Gs^Fds      , Gs^Fds      , Gs^Fds      , Gs^Fds      , Gs^Fds      , Rd          , Gs^Fds      , Gg^Ve       , Rr          , Rr          , Gs^Fds      , Gs^Fds      , Gs^Fds      , Gs^Fds      , Gs^Fds      , Wo          , Wo          , Wo          , Wo          , Ww          , Gs^Fds      , Wwf         , Gs^Fds      , Gs^Fds      , Gs^Fds      , Gs^Fds      , Gs^Fds      , Gs^Fds      , Gs^Fds      , Gs^Fds      , Gs^Fds      , Gs^Fds      , Gs^Fds      , Gs^Fds      , Gs^Ft       , Gs^Fds      , Gs^Fds      , Gg          , Rd          , Gg          , Gs^Fds      , Gs^Fds      , Gs^Fds      , Gs^Fds      , Gs^Fds      , Gs^Ft       , Gs^Fds      , Gs^Fds      , Gs^Fds      
Gs^Fds      , Gs^Fds      , Gs^Fds      , Gs^Fds      , Gs^Fds      , Gs^Fds      , Gg^Ve       , Rr          , Gg^Gvs      , Gg^Gvs      , Gg          , Gg^Gvs      , Rr          , Gg          , Gg^Gvs      , Gg^Gvs      , Wwf         , Wwf         , Wwf         , Ww          , Gg^Fds      , Wo          , Wwf         , Wwf         , Wwf         , Wwf         , Gg          , Gg          , Gg          , Gs^Fds      , Gs^Fds      , Gs^Fds      , Gs^Fds      , Gs^Fds      , Gs^Fds      , Gs^Fds      , Gs^Fds      , Gs^Fds      , Gs^Fds      , Gs^Fds      , Rd          , Rd          , Gs^Fds      , Gs^Fds      , Gs^Fds      , Gg^Ve       , Gs^Fds      , Gs^Fds      , Gs^Fds      , Gs^Fds      , Gs^Fds      , Gs^Fds      
Gs^Fds      , Gs^Ft       , Gs^Fds      , Gs^Fds      , Gg          , Gg          , Rr          , Rr          , Gg^Gvs      , Gg^Gvs      , Rr          , Rr          , Gg^Gvs      , Gg          , Gg^Gvs      , Gg^Gvs      , Ww          , Wwf         , Wwf         , Rr          , Rr          , Wwf         , Wwf         , Wwf         , Ww          , Wo          , Ww          , Gg^Ve       , Gg          , Gg          , Gg          , Gs^Fds      , Gg^Gvs      , Gs^Fds      , Gs^Fds      , Gs^Fds      , Gs^Fds      , Gs^Fds      , Gs^Fds      , Rd          , Gg          , Gs^Fds      , Gs^Fds      , Gs^Fds      , Gs^Fds      , Gs^Fds      , Gs^Fds      , Gs^Fds      , Gs^Fds      , Gs^Fds      , Gs^Fds      , Gs^Fds      
Gs^Fds      , Gs^Fds      , Gs^Fds      , Gs^Fds      , Gg          , Gs^Fds      , Rr          , Ggf         , Rr          , Gg^Gvs      , Rr          , Gs^Gvs      , Rr          , Gs^Fds      , Rr          , Gg^Gvs      , Wo          , Wo          , Gg          , Rr          , Rr          , Rr          , Gg          , Gg          , Gs^Fds      , Wo          , Ww          , Ww          , Ww          , Ww          , Wwf         , Gg^Gvs      , Gg^Gvs      , Gg          , Gg          , Gs^Fds      , Gs^Fds      , Gs^Fds      , Gs^Fds      , Rd          , Gs^Fds      , Gs^Fds      , Gs^Fds      , Gs^Ft       , Gs^Fds      , Gs^Fds      , Gs^Fds      , Gs^Fds      , Gs^Fds      , Gs^Fds      , Gs^Ft       , Gs^Fds      
Gs^Fds      , Gs^Fds      , Gs^Fds      , Gs^Fds      , Gg          , Rr          , Gs^Fds      , Rr          , Gg^Gvs      , Rr          , Ggf         , Rr          , Gg^Wm       , Rr          , Gs^Fds      , Ww          , Wo          , Ww          , Gg          , Gg          , Gg^Ft       , Rr          , Rr          , Gg          , Gg          , Ww          , Ww          , Wo          , Wwf         , Wwf         , Wwf         , Gg          , Gg          , Gg          , Gg          , Gg          , Gg          , Gg          , Gg^Ve       , Rr          , Gs^Fds      , Gs^Fds      , Gg          , Gs^Fds      , Gs^Fds      , Gs^Fds      , Gs^Fds      , Gs^Ft       , Gs^Fds      , Gs^Fds      , Gs^Fds      , Gs^Fds      
Gs^Fds      , Gs^Fds      , Gs^Fds      , Gs^Fds      , Gs^Fds      , Rr          , Rr          , Gg          , Gg^Gvs      , Gg^Gvs      , Rr          , Rr          , Rr          , Gg          , Wwf         , Wo          , Ww          , Ww          , Gg^Gvs      , Gg          , Gg^Gvs      , Gg          , Rr          , Rr          , Rr          , Gg          , Gg^Ft       , Gg          , Gg          , Wwf         , Wo          , Ww          , Ww          , Ggf         , Gg          , Gs^Fds      , Gg          , Gg          , Gg          , Rr          , Gg^Gvs      , Gg^Gvs      , Gg          , Gg          , Gg          , Gs^Fds      , Gs^Fds      , Gs^Fds      , Gs^Fds      , Gs^Fds      , Gs^Fds      , Gs^Fds      
Gs^Fds      , Gs^Fds      , Gs^Fds      , Gs^Fds      , Gs^Fds      , Gg          , Gs^Fds      , Rr          , Gg          , Gg^Ve       , Gg          , Gs^Fds      , Gg          , Ww^Bw\      , Ww^Bw\      , Wwf         , Gg^Fds      , Gg^Gvs      , Gg^Gvs      , Gg^Gvs      , Gg^Gvs      , Gg          , Rr          , Rr          , Rr          , Rr          , Rr          , Rr          , Rr          , Ww          , Ww          , Wo          , Ww          , Kv          , Rr          , Rr          , Rr          , Rr          , Rr          , Rr          , Gg          , Gg^Gvs      , Gg          , Gg^Ve       , Gg          , Gs^Fds      , Gs^Ft       , Gs^Fds      , Gs^Ft       , Gs^Ft       , Gs^Fds      , Gs^Fds      
Gs^Fds      , Gs^Ft       , Gs^Fds      , Gs^Fds      , Gg          , Gg          , Rr          , Rr          , Ww          , Ww          , Wo          , Gg          , Wo          , Wwf         , Wwf         , Ww^Bw\      , Rr          , Gg          , Gg          , Gg          , Gg          , Gg          , Rr          , Rr          , Rr          , Gg          , Gg          , Gg^Ve       , Rr          , Gg          , Gs^Fds      , Wo          , Wwf         , Wwf         , Ww^Bw/      , Rr          , Kv          , Gg          , Gs^Fds      , Gg          , Gg          , Gg          , Gg          , Gg          , Gs^Fds      , Gs^Fds      , Gs^Fds      , Gs^Fds      , Gs^Fds      , Gs^Ft       , Gs^Fds      , Gs^Fds      
Gs^Fds      , Gs^Fds      , Gs^Fds      , Gs^Fds      , Gg^Ve       , Rr          , Gg          , Gg          , Wo          , Wo          , Ww          , Wo          , Ww          , Ww          , Gg^Gvs      , Gg          , Gs^Fds      , Rr          , Ggf         , Gg^Ve       , Kv          , Kv          , Rr          , Rr          , Rr          , Kv          , Kv          , Gg          , Rr          , Gg          , Kv          , Wwf         , Ww^Bw/      , Ww^Bw/      , Wwf         , Wwf         , Ww          , Gs^Fds      , Gs^Fds      , Gg          , Kv          , Gg          , Ww^Bw|      , Gg          , Kv          , Gs^Fds      , Gs^Fds      , Gs^Fds      , Gs^Fds      , Gs^Fds      , Gs^Fds      , Gs^Fds      
Gs^Fds      , Gs^Fds      , Gs^Fds      , Gs^Fds      , Gg          , Rr          , Ww^Bw\      , Wwf         , Wwf         , Ww          , Gg^Gvs      , Ww          , Gg          , Gg^Gvs      , Gg^Gvs      , Gg^Gvs      , Rr          , Rr          , Gg          , Gg          , Gg          , Kv          , Wwf         , Ww^Bw|      , Wwf         , Kv          , Gg          , Gg          , Gg          , Rr          , Gg          , Rr          , Rr          , Wwf         , Ww          , Wo          , Wo          , Ww          , Ww          , Ww          , Wo          , Wwf         , Ww^Bw|      , Wwf         , Wo          , Ww          , Ww          , Ww          , Wo          , Gs^Fds      , Gs^Fds      , Gs^Fds      
Gs^Fds      , Gs^Fds      , Gs^Fds      , Gs^Ft       , Gg          , Gg^Ft       , Wwf         , Ww^Bw\      , Ww^Bw\      , Gg^Ve       , Gg^Gvs      , Gg^Gvs      , Gg          , Gs^Fds      , Gg^Gvs      , Gg^Gvs      , Rr          , Gg          , Gg          , Cv          , Ww          , Ww          , Wwf         , Ww^Bw|      , Wwf         , Ww          , Ww          , Cv          , Gg          , Rr          , Rr          , Rr          , Rr          , Kv          , Gg          , Ww          , Ww          , Wo          , Ww          , Wo          , Ww          , Wwf         , Ww^Bw|      , Wwf         , Ww          , Wo          , Wo          , Ww          , Ww          , Wo          , Ww          , Gs^Fds      
Gs^Fds      , Gs^Ft       , Ww          , Ww          , Wo          , Ww          , Wo          , Wwf         , Gs^Fds      , Rr          , Rr          , Gg          , Gg          , Gg          , Gg          , Gg          , Rr          , Cv          , Wwf         , Ww          , Ww          , Ww          , Ggf         , Rr          , Ggf         , Ww          , Ww          , Ww          , Wwf         , Cv          , Rr          , Gg          , Gg          , Rr          , Rr          , Gg          , Gg          , Gg          , Gg^Ft       , Ww          , Kv          , Wwf         , Gg          , Wwf         , Kv          , Gs^Fds      , Gs^Fds      , Gs^Fds      , Ww          , Wo          , Ww          , Ww          
Gs^Fds      , Gs^Fds      , Wo          , Wo          , Ww          , Wo          , Ww          , Ww          , Ggf         , Ggf         , Gg          , Rr          , Kv          , Kv          , Gg          , Cv          , Ww          , Wwf         , Wwf         , Ww          , Kv          , Kv          , Ggf         , Rr          , Ggf         , Kv          , Kv          , Ww          , Wwf         , Wwf         , Ww          , Cv          , Gg          , Kv          , Kv          , Rr          , Gg          , Gg          , Gg          , Gg          , Rr          , Gg          , Gs^Fds      , Gs^Fds      , Gs^Fds      , Gs^Fds      , Gs^Ft       , Gs^Fds      , Gs^Ft       , Wo          , Wo          , Wo          
Ww          , Ww          , Wo          , Ww          , Gs^Fds      , Gg^Ve       , Gg          , Gg          , Rr          , Gg          , Rr          , Rr          , Rr          , Kv          , Ww          , Ww          , Ww          , Ww          , Cv          , Cv          , Cv          , Kv          , Ggf         , Rr          , Ggf         , Kv          , Cv          , Cv          , Cv          , Ww          , Ww          , Ww          , Ww          , Kv          , Rr          , Rr          , Rr          , Ggf         , Ggf         , Gg          , Rr          , Gg          , Gs^Fds      , Gs^Fds      , Gs^Fds      , Gs^Fds      , Gs^Fds      , Gs^Fds      , Gs^Fds      , Gs^Fds      , Ww          , Ww          
Ww          , Wo          , Ww          , Gs^Fds      , Gs^Fds      , Rr          , Rr          , Rr          , Gg          , Rr          , Rr          , Rr          , Ww^Bw\      , Wwf         , Wwf         , Ww          , Cv          , Cv          , Cv          , Cv          , Gs^Fds      , Gs^Fds      , Ggf         , Rr          , Ggf         , Ggf         , Gs^Fds      , Cv          , Cv          , Cv          , Kv          , Ww          , Wwf         , Wwf         , Ww^Bw/      , Rr          , Rr          , Ggf         , Gs^Fds      , Rr          , Gg          , Gg          , Gg          , Gs^Fds      , Gs^Fds      , Gs^Fds      , Gs^Fds      , Gs^Fds      , Gs^Fds      , Gs^Fds      , Gs^Fds      , Ww          
Wo          , Wo          , Gs^Fds      , Gs^Fds      , Gs^Fds      , Gs^Fds      , Gg          , Ggf         , Rr          , Rr          , Kv          , Rr          , Wwf         , Ww^Bw\      , Cv          , Cv          , Cv          , Cv          , Gg^Ve       , Ggf         , Gg          , Gs^Fds      , Ggf         , Rr          , Gg^Ve       , Ggf         , Gg^Fet      , Ggf         , Gg^Ve       , Cv          , Kv          , Kv          , Rr          , Ww^Bw/      , Wwf         , Rr          , Kv          , Rr          , Rr          , Rr          , Gg          , Gg          , Gg^Ve       , Gs^Fds      , Gs^Fds      , Gs^Fds      , Gs^Fds      , Gs^Fds      , Gs^Fds      , Gs^Fds      , Gs^Fds      , Gs^Fds      
Ww          , Ww          , Gs^Fds      , Gs^Fds      , Gs^Fds      , Gs^Fds      , Gg^Ve       , Gg          , Rr          , Gg          , Kv          , Kv          , Ww          , Wwf         , Cv          , 3 Kv        , Rr          , Ggf         , Ggf         , Gg^Fet      , Ggf         , Gg^Ve       , Ggf         , Rr          , Ggf         , Ggf         , Gs^Fds      , Ggf         , Ggf         , Gg^Fet      , Rr          , Cv          , Kv          , Wwf         , Ww          , Kv          , Kv          , Gg          , Gg^Ft       , Rr          , Gs^Fds      , Gg          , Gg          , Rr          , Gs^Fds      , Gs^Fds      , Gs^Fds      , Gs^Fds      , Gs^Fds      , Gs^Ft       , Gs^Fds      , Gs^Fds      
Gs^Fds      , Gs^Fds      , Gs^Fds      , Gs^Ft       , Gs^Fds      , Gs^Fds      , Gg          , Rr          , Gg          , Gg          , Gg          , Gg          , Ww          , Ww          , Cv          , Cv          , Ggf         , Rr          , Rr          , Ggf^Ft      , Ggf         , Ggf         , Cv          , Kv          , Cv          , Ggf         , Ggf         , Ggf         , Rr          , Rr          , Gg          , Kv          , Kv          , Ww          , Ww          , Gg          , Ggf         , Gg          , Gg          , Rr          , Rr          , Gg          , Rr          , Rr          , Gs^Fds      , Gs^Fds      , Gs^Fds      , Gs^Fds      , Gs^Fds      , Gs^Fds      , Gs^Fds      , Gs^Fds      
Gs^Fds      , Gs^Fds      , Gs^Fds      , Gs^Fds      , Gs^Fds      , Gs^Fds      , Gg          , Rr          , Gg          , Gg^Ve       , Ggf         , Cv          , Ww          , Ww          , Cv          , Cv          , Gg^Ve       , Ggf         , Gs^Fds      , Rr          , Kv          , Cv          , Gg^Fet      , Cv          , Gg^Fet      , Cv          , Kv          , Rr          , Ggf         , Gs^Fds      , Gs^Fds      , Cv          , Cv          , Ww          , Ww          , Cv          , Gg^Ft       , Gg          , Gg          , Rr          , Gg          , Rr          , Gg^Gvs      , Gs^Fds      , Gs^Fds      , Gs^Fds      , Gs^Fds      , Gs^Fds      , Gs^Fds      , Gs^Fds      , Gs^Fds      , Gs^Fds      
Gg          , Gs^Fds      , Gg^Fet      , Gs^Fds      , Gs^Fds      , Gg^Ve       , Gg          , Rr          , Gs^Fds      , Ggf         , Ggf         , Gg          , Wwf         , Wwf         , Cv          , Cv          , Gg          , Gg          , Gg          , Ggf         , Cv          , Cv          , Cv          , Cv          , Cv          , Cv          , Cv          , Gg^Ve       , Gg^Fet      , Gs^Fds      , Gg^Ve       , Cv          , Cv          , Wwf         , Wwf         , Gg          , Gg          , Gg          , Rr          , Rr          , Gg^Ve       , Gg          , Gg          , Gs^Fds      , Gs^Fds      , Gs^Fds      , Gs^Ft       , Gs^Fds      , Gs^Fds      , Gs^Fds      , Gs^Fds      , Gs^Fds      
Gs^Fds      , Gs^Fds      , Gs^Fds      , Gs^Fds      , Gs^Fds      , Gs^Fds      , Gg          , Rr          , Rr          , Gg          , Gg          , Cv          , Wwf         , Wwf         , Cv          , Cv          , Gs^Fds      , Ggf         , Gg^Ve       , Ggf         , Cv          , Gg^Fet      , Cv          , 2 Kv        , Cv          , Gg^Fet      , Cv          , Ggf         , Ggf         , Ggf         , Ggf         , Cv          , Cv          , Wwf         , Wwf         , Cv          , Rr          , Gs^Fds      , Rr          , Gg          , Gg^Gvs      , Gg          , Gs^Fds      , Gg          , Gs^Fds      , Gs^Fds      , Gs^Fds      , Gs^Fds      , Gs^Ft       , Gs^Fds      , Gs^Fds      , Gs^Fds      
Gs^Fds      , Gs^Fds      , Gs^Fds      , Gs^Fds      , Gs^Fds      , Gs^Fds      , Gg^Gvs      , Gg^Gvs      , Gg          , Rr          , Gg          , Gg          , Ww          , Ww          , Cv          , Cv          , Gg^Fet      , Ggf         , Ggf         , Ggf         , Kv          , Cv          , Gg^Fet      , Cv          , Gg^Fet      , Cv          , Kv          , Ggf         , Ggf         , Gs^Fds      , Ggf         , Cv          , Cv          , Ww          , Ww          , Rr          , Gg          , Rr          , Gg          , Gg          , Gg^Gvs      , Gg^Gvs      , Gg          , Gg          , Gs^Fds      , Gs^Fds      , Gs^Fds      , Gs^Fds      , Gs^Fds      , Gs^Fds      , Gs^Fds      , Gs^Fds      
Gs^Fds      , Gs^Fds      , Gs^Ft       , Gs^Fds      , Gs^Fds      , Gs^Fds      , Gg          , Gg^Gvs      , Rr          , Rr          , Gg          , Cv          , Ww          , Ww          , Kv          , Cv          , Ggf         , Ggf         , Rr          , Rr          , Ggf         , Cv          , Cv          , Cv          , Cv          , Cv          , Ggf         , Rr          , Rr          , Ggf         , Ggf         , Cv          , Cv          , Ww          , Ww          , Cv          , Gg          , Rr          , Rr          , Gg          , Gg^Ve       , Gg          , Gg^Gvs      , Gs^Gvs      , Gs^Gvs      , Gs^Fds      , Gs^Fds      , Gs^Fds      , Gs^Fds      , Gs^Fds      , Gs^Fds      , Gs^Fds      
Gs^Fds      , Gs^Fds      , Gs^Fds      , Gs^Fds      , Gs^Fds      , Gg^Ve       , Rr          , Rr          , Gg          , Gg          , Kv          , Gg          , Ww          , Ww          , Kv          , Kv          , Rr          , Rr          , Ggf         , Ggf         , Gs^Fds      , Ggf         , Ggf         , Kv          , Ggf         , Ggf         , Gs^Fds      , Gs^Fds      , Ggf         , Rr          , Rr          , Cv          , Cv          , Ww          , Ww          , Gg          , Kv          , Gg          , Gg          , Rr          , Gg          , Gg^Gvs      , Gs^Gvs      , Gs^Gvs      , Gs^Gvs      , Gs^Fds      , Gs^Fds      , Gs^Fds      , Gs^Fds      , Gs^Fds      , Gs^Fds      , Gs^Fds      
Gs^Fds      , Gs^Fds      , Gs^Fds      , Gs^Fds      , Gs^Ft       , Gs^Fds      , Gg          , Rr          , Gg          , Gg          , Kv          , Kv          , Wwf         , Wwf         , Rr          , Cv          , Kv          , Ggf         , Gg^Ve       , Ggf         , Ggf         , Ggf         , Gg^Ve       , Rr          , Ggf         , Gg^Ve       , Ggf         , Gs^Fds      , Ggf         , Ggf         , Cv          , 1 Kv        , Cv          , Wwf         , Wwf         , Kv          , Kv          , Gg          , Gg          , Rr          , Gg          , Gs^Gvs      , Gs^Gvs      , Gs^Gvs      , Gs^Fds      , Gs^Fds      , Gs^Fds      , Gs^Fds      , Gs^Fds      , Gs^Ft       , Gs^Fds      , Gs^Fds      
Gs^Fds      , Gs^Fds      , Gs^Fds      , Gs^Fds      , Gs^Fds      , Gs^Fds      , Gg          , Rr          , Gg^Fet      , Gg          , Rr          , Rr          , Ww^Bw/      , Ww^Bw/      , Wwf         , Kv          , Kv          , Cv          , Cv          , Ggf         , Gs^Fds      , Gs^Fds      , Ggf         , Rr          , Ggf         , Ggf         , Ggf         , Gg^Ve       , Cv          , Cv          , Cv          , Cv          , Wwf         , Ww^Bw\      , Ww^Bw\      , Rr          , Rr          , Gg^Ft       , Gg          , Rr          , Gg          , Gs^Gvs      , Gs^Gvs      , Gs^Fds      , Gs^Fds      , Gs^Fds      , Hh^Fds      , Gs^Fds      , Gs^Fds      , Gs^Fds      , Gs^Fds      , Gs^Fds      
Gs^Fds      , Gs^Fds      , Gs^Fds      , Gs^Fds      , Gs^Fds      , Gs^Fds      , Rr          , Rr          , Rr          , Rr          , Rr          , Rr          , Rr          , Wwf         , Ww          , Ww          , Wwf         , Cv          , Cv          , Cv          , Cv          , Gs^Fds      , Gg^Fet      , Rr          , Ggf         , Gs^Fds      , Cv          , Cv          , Cv          , Cv          , Wwf         , Ww          , Ww          , Wwf         , Rr          , Rr          , Rr          , Rr          , Rr          , Rr          , Gg^Ve       , Gs^Gvs      , Gs^Fds      , Gs^Fds      , Gs^Fds      , Gs^Fds      , Hh^Fds      , Hh^Fds      , Gs^Fds      , Gs^Fds      , Gs^Ft       , Gs^Fds      
Gs^Fds      , Gs^Fds      , Gs^Fds      , Gs^Fds      , Gs^Fds      , Gg          , Rr          , Gg          , Gg          , Gg          , Rr          , Rr          , Kv          , Kv          , Gg          , Ww          , Wwf         , Wwf         , Ww          , Cv          , Kv          , Kv          , Ggf         , Rr          , Ggf         , Kv          , Kv          , Cv          , Ww          , Wwf         , Wwf         , Ww          , Gg          , Kv          , Kv          , Rr          , Rr          , Gg          , Gg          , Gg          , Gg          , Gs^Fds      , Gs^Fds      , Gs^Fds      , Gs^Fds      , Hh^Fds      , Hh^Fds      , Hh^Fds      , Gs^Fds      , Gg^Ve       , Gs^Fds      , Gs^Fds      
Gs^Fds      , Gs^Fds      , Gs^Fds      , Gs^Fds      , Gs^Fds      , Gg^Gvs      , Gg^Gvs      , Rr          , Rr          , Gs^Fds      , Rr          , Gg          , Gg          , Kv          , Gg          , Cv          , Gg          , Wwf         , Ww          , Ww          , Ww          , Kv          , Ggf         , Rr          , Ggf         , Kv          , Ww          , Ww          , Ww          , Wwf         , Gg          , Cv          , Gg          , Kv          , Gg          , Gg          , Rr          , Gg          , Gs^Fds      , Gg          , Gg          , Gs^Fds      , Gs^Fds      , Gs^Fds      , Gs^Fds      , Gs^Fds      , Gs^Fds      , Gs^Ft       , Gs^Ft       , Gs^Fds      , Gs^Fds      , Gs^Fds      
Gs^Fds      , Gs^Fds      , Gs^Ft       , Gs^Fds      , Gg          , Gg^Gvs      , Gg^Gvs      , Gg^Gvs      , Rr          , Gg          , Gg          , Rr          , Gg          , Gg^Ve       , Gg          , Gg          , Gg^Gvs      , Cv          , Gg          , Ww          , Ww          , Ww          , Wwf         , Rr          , Wwf         , Ww          , Ww          , Ww          , Gg          , Cv          , Ggf         , Gg          , Gg          , Gg          , Gg^Ft       , Ggf         , Rr          , Gg          , Gg^Gvs      , Gg^Gvs      , Ww          , Gg          , Ww          , Gs^Fds      , Wwf         , Ww          , Ww          , Gs^Ft       , Wwf         , Gg          , Gs^Fds      , Gs^Fds      
Gs^Fds      , Gs^Fds      , Gs^Fds      , Gs^Fds      , Gg          , Gg^Ve       , Gg          , Gg^Gvs      , Rr          , Gg^Ft       , Rr          , Rr          , Gs^Fds      , Gg          , Gg^Ft       , Gg^Gvs      , Gg^Gvs      , Gg          , Gg          , Cv          , Gg          , Ww          , Wwf         , Ww^Bw|      , Wwf         , Ww          , Gg          , Cv          , Gg          , Gg          , Gg          , Gg^Ve       , Gs^Fds      , Gg          , Rr          , Rr          , Gs^Fds      , Gg^Ve       , Ww^Bw\      , Wwf         , Wwf         , Ww          , Wo          , Wo          , Wwf         , Wo          , Wo          , Wo          , Wwf         , Ww          , Gs^Fds      , Gs^Fds      
Gs^Fds      , Gs^Fds      , Gs^Fds      , Gs^Fds      , Gg          , Rr          , Rr          , Rr          , Gg          , Rr          , Gg^Gvs      , Gg^Gvs      , Wwf         , Ww          , Ww          , Wwf         , Gg^Fds      , Gg          , Gg          , Gg          , Kv          , Kv          , Rr          , Ww^Bw|      , Rr          , Kv          , Kv          , Ggf         , Ggf         , Gs^Fds      , Rr          , Rr          , Rr          , Rr          , Gg          , Gg          , Gg          , Wwf         , Wwf         , Ww^Bw\      , Ww^Bw\      , Wwf         , Kv          , Ww          , Gg^Ft       , Wwf         , Gg^Ve       , Wwf         , Wwf         , Wo          , Wo          , Gs^Fds      
Gs^Fds      , Gs^Ft       , Gs^Fds      , Gs^Fds      , Gs^Fds      , Gg          , Gg          , Gg          , Gs^Fds      , Gg^Ve       , Gg          , Gg^Gvs      , Wwr         , Wo          , Gg^Fet      , Ww          , Wwr         , Gg^Gvs      , Gs^Fds      , Gg          , Gg          , Kv          , Rr          , Rr          , Rr          , Kv          , Gg          , Ggf         , Rr          , Gg          , Rr          , Gg          , Gg          , Rr          , Rr          , Gs^Fds      , Ww          , Wo          , Ww          , Wwf         , Rr          , Rr          , Gs^Fds      , Gg          , Gg          , Gg          , Gg^Gvs      , Gg          , Gg^Fds      , Ww          , Wo          , Ww          
Gs^Fds      , Gs^Fds      , Gs^Fds      , Gs^Fds      , Gs^Fds      , Gs^Fds      , Gs^Fds      , Gg          , Gg^Gvs      , Gg^Gvs      , Gg^Gvs      , Gg^Fds      , Gg^Fds      , Ww          , Wo          , Wo          , Wwf         , Gg^Gvs      , Gg          , Gg          , Rr          , Gg          , Rr          , Rr          , Gg          , Rr          , Rr          , Rr          , Gg          , Rr          , Gg          , Gg^Ft       , Gg          , Rr          , Kv          , Ww          , Wo          , Wo          , Gg^Gvs      , Gg^Gvs      , Rr          , Gg^Gvs      , Gg^Gvs      , Gg^Gvs      , Gg^Gvs      , Gg^Fds      , Gg^Gvs      , Gg^Gvs      , Ww          , Wo          , Ww          , Wo          
Gs^Fds      , Gs^Fds      , Gs^Fds      , Gs^Fds      , Gs^Fds      , Gs^Fds      , Gs^Fds      , Gs^Fds      , Gs^Gvs      , Gg^Gvs      , Gg^Gvs      , Gg^Fds      , Gg^Ve       , Ww          , Wwf         , Ww          , Ww          , Gs^Fds      , Gg          , Rr          , Gg          , Rr          , Ggf         , Gg          , Gs^Fds      , Gg          , Rr          , Ggf         , Gg          , Gg^Ve       , Gg^Gvs      , Gg^Gvs      , Gg          , Rr          , Rr          , Wwf         , Wwf         , Ww          , Gg^Gvs      , Gg^Gvs      , Rr          , Gg^Gvs      , Gg^Ve       , Gg^Gvs      , Gg^Fds      , Ww          , Wo          , Ww          , Wo          , Wo          , Gs^Fds      , Gs^Fds      
Gs^Fds      , Gs^Fds      , Gs^Fds      , Gs^Fds      , Gs^Fds      , Gs^Ft       , Gs^Fds      , Gs^Fds      , Ww          , Gs^Gvs      , Wwf         , Ww^Bw|      , Wwf         , Ww          , Gg^Gvs      , Gs^Fds      , Gg          , Ww          , Ww          , Gg          , Gs^Fds      , Rr          , Gg          , Ggf         , Ggf         , Ggf         , Gs^Fds      , Rr          , Gg          , Cv          , Gg^Gvs      , Gg^Gvs      , Gg^Wm       , Kv          , Wwf         , Ww^Bw\      , Ww^Bw\      , Gg^Ve       , Gs^Fds      , Gg^Gvs      , Rr          , Gg^Wm       , Gg^Gvs      , Gg          , Ww          , Wo          , Ww          , Wwf         , Ww          , Ww          , Gs^Fds      , Gs^Fds      
Gs^Fds      , Gs^Fds      , Gs^Fds      , Gs^Ft       , Gs^Fds      , Gs^Fds      , Wo          , Ww          , Ww          , Ww          , Gs^Fds      , Gg          , Gg          , Gg^Ve       , Gg          , Gs^Fds      , Gg          , Gg^Ft       , Ww^Bw/      , Gg          , Rr          , Rr          , Rr          , Rr          , Rr          , Gg          , Rr          , Rr          , Gg          , Gs^Fds      , Gg          , Gg          , Gg          , Gg^Gvs      , Wo          , Wwf         , Wwf         , Rr          , Rr          , Rr          , Gg          , Gs^Fds      , Gg^Gvs      , Gg^Gvs      , Wo          , Wo          , Gs^Fds      , Gs^Fds      , Gs^Fds      , Gs^Fds      , Gs^Fds      , Gs^Fds      
Wo          , Gs^Fds      , Ww          , Ww          , Ww          , Ww          , Gs^Ft       , Gs^Fds      , Gs^Fds      , Gs^Fds      , Rd          , Rd          , Gs^Fds      , Gg          , Gg^Gvs      , Gg^Wm       , Gg          , Gg          , Ww          , Gg^Ve       , Gg          , Rr          , Rr          , Rr          , Gg          , Rr          , Gg          , Cv          , Gg^Gvs      , Gg^Gvs      , Gg          , Gg^Ft       , Ww          , Ww          , Wo          , Ww          , Gg^Gvs      , Gg^Gvs      , Gg^Gvs      , Rr          , Ww^Bw\      , Wwf         , Wwf         , Ww          , Ww          , Ww          , Gs^Fds      , Gs^Fds      , Gs^Ft       , Gs^Fds      , Gs^Fds      , Gs^Fds      
Gs^Fds      , Wo          , Gs^Ft       , Gs^Fds      , Gs^Fds      , Gs^Fds      , Gs^Fds      , Gs^Fds      , Gs^Fds      , Gs^Fds      , Rd          , Gs^Fds      , Gs^Fds      , Gs^Ft       , Gg^Gvs      , Gg^Gvs      , Gg^Ve       , Ww          , Gg          , Gg          , Gs^Fds      , Rr          , Rr          , Rr          , Gg          , Gg          , Gg^Ve       , Gg          , Gs^Fds      , Gg^Gvs      , Cv          , Gg          , Ww          , Wo          , Ww          , Gg^Ft       , Gg^Gvs      , Gg^Gvs      , Gg^Ft       , Gg          , Wwf         , Ww^Bw\      , Ww^Bw\      , Wwf         , Gs^Fds      , Gs^Fds      , Gs^Fds      , Gs^Fds      , Gs^Fds      , Gs^Fds      , Gs^Fds      , Gs^Fds      
Gs^Fds      , Gs^Fds      , Gs^Fds      , Gs^Fds      , Gg          , Gs^Fds      , Re^Vct      , Gs^Fds      , Rd          , Rd          , Gs^Fds      , Gs^Fds      , Gs^Fds      , Gs^Fds      , Gs^Fds      , Gg          , Ww^Bw\      , Ww          , Gs^Fds      , Gg          , Gs^Fds      , Rr          , Rr          , Rr          , Gs^Fds      , Gg          , Gs^Fds      , Gs^Fds      , Gs^Fds      , Gs^Fds      , Gs^Fds      , Gs^Fds      , Ww          , Ww          , Ww          , Gg          , Gg          , Gg          , Gg          , Gg          , Ww          , Wwf         , Gg          , Rd          , Hh^Fds      , Gs^Fds      , Re^Vct      , Gs^Fds      , Re^Vct      , Gs^Fds      , Gs^Fds      , Gs^Fds      
Gs^Fds      , Gs^Fds      , Gs          , Gs          , Ce          , Gg          , Gs          , Gg          , Rd          , Gs^Fds      , Gs^Fds      , Gs^Fds      , Gs^Fds      , Gs^Fds      , Gs^Fds      , Gs^Fds      , Wo          , Gs^Fds      , Gs^Fds      , Gs^Fds      , Kv          , Rr          , Cv          , Rr          , Kv          , Gg          , Gs^Fds      , Gs^Fds      , Gs^Fds      , Gs^Fds      , Gs^Fds      , Gs^Fds      , Ww          , Wo          , Wo          , Gg          , Ww          , Ww          , Wo          , Wo          , Wo          , Ww          , Gs^Fds      , Rd          , Rd          , Gs^Fds      , Gg          , Gg          , Ce          , Gs          , Gs^Fds      , Gs^Fds      
Gs^Fds      , Gs^Fds      , Re^Vct      , Gs          , Ce          , Ce          , Ce          , Rd          , Re^Vct      , Gs^Fds      , Gs^Fds      , Gs^Fds      , Gs^Fds      , Gs^Fds      , Gs^Fds      , Ww          , Gs^Fds      , Gs^Ft       , Gs^Fds      , Kv          , Kv          , Cv          , Cv          , Cv          , Kv          , Kv          , Gs^Fds      , Gs^Ft       , Gs^Fds      , Gs^Fds      , Gs^Fds      , Gs^Fds      , Wwf         , Ww          , Wwf         , Wwf         , Wo          , Wo          , Ww          , Ww          , Ww          , Ww          , Gs^Fds      , Gs^Fds      , Gg          , Rd          , Ce          , Ce          , Ce          , Re^Vct      , Gs^Fds      , Gs^Fds      
Gs^Fds      , Gs^Fds      , Gg          , Gg          , Re^Vct      , 7 Ke        , Ce          , Gg          , Gg          , Gs^Fds      , Gs^Fds      , Gs^Fds      , Gs^Ft       , Gs^Ft       , Gs^Fds      , Wo          , Gs^Fds      , Gs^Fds      , Gs^Fds      , Gs^Fds      , Gs^Ft       , Rd          , Rd          , Rd          , Gs^Fds      , Hh^Fds      , Gs^Fds      , Gs^Fds      , Gs^Fds      , Gs^Fds      , Hh^Fds      , Gs^Fds      , Gs^Fds      , Wwf         , Wo          , Ww          , Wo          , Ww          , Gs^Ft       , Gs^Fds      , Gs^Fds      , Gs^Ft       , Gs^Fds      , Gs^Fds      , Re^Vct      , Gs          , Ce          , 6 Ke        , Gs          , Gg          , Gs^Fds      , Gs^Fds      
Gs^Fds      , Gs^Fds      , Gs^Fds      , Gs          , Gg          , Ce          , Ce          , Re^Vct      , Gs          , Gs^Fds      , Gs^Fds      , Gs^Fds      , Gs^Fds      , Gs^Ft       , Wo          , Wo          , Gs^Fds      , Gs^Fds      , Gs^Fds      , Gs^Ft       , Gs^Ft       , Rd          , Rd          , Rd          , Gs^Fds      , Gs^Fds      , Gs^Fds      , Gs^Fds      , Gs^Fds      , Hh^Fds      , Hh^Fds      , Hh^Fds      , Gs^Fds      , Gs^Fds      , Gs^Fds      , Wo          , Ww          , Ww          , Gs^Fds      , Gs^Fds      , Hh^Fds      , Gs^Fds      , Gs^Fds      , Gs^Fds      , Gs          , Gg          , Ce          , Ce          , Gs          , Re^Vct      , Gs^Fds      , Gs^Fds      
Gs^Fds      , Gs^Fds      , Gs^Fds      , Gg          , Gs          , Gs          , Re^Vct      , Gg          , Gs^Fds      , Gs^Fds      , Gs^Fds      , Gs^Fds      , Gs^Fds      , Ww          , Gs^Fds      , Gs^Fds      , Gs^Ft       , Gs^Fds      , Gs^Fds      , Gs^Fds      , Gs^Fds      , Rd          , Rd          , Rd          , Gs^Fds      , Gs^Fds      , Gs^Ft       , Gs^Ft       , Gs^Fds      , Hh^Fds      , Hh^Fds      , Hh^Fds      , Gs^Fds      , Gs^Fds      , Gs^Fds      , Wo          , Ww          , Ww          , Gs^Fds      , Gs^Fds      , Gs^Fds      , Gs^Fds      , Gs^Fds      , Gs^Fds      , Gg          , Re^Vct      , Gg          , Re^Vct      , Gs          , Gs          , Gs^Fds      , Gs^Fds      
Gs^Fds      , Gs^Fds      , Gs^Fds      , Gs^Fds      , Gs^Fds      , Gs          , Gs^Fds      , Gs^Fds      , Gs^Fds      , Gs^Fds      , Gs^Ft       , Gs^Fds      , Wo          , Wo          , Gs^Ft       , Gs^Fds      , Gs^Fds      , Gs^Fds      , Gs^Fds      , Gs^Fds      , Gs^Fds      , Rd          , Rd          , Rd          , Gs^Fds      , Gs^Fds      , Gs^Fds      , Gs^Ft       , Gs^Fds      , Gs^Fds      , Gs^Fds      , Gs^Fds      , Gs^Fds      , Gs^Fds      , Ww          , Wo          , Ww          , Gs^Fds      , Gs^Fds      , Gs^Ft       , Gs^Fds      , Gs^Fds      , Gs^Fds      , Gs^Fds      , Gs^Fds      , Gs          , Gs^Fds      , Gg          , Gs^Fds      , Gs^Fds      , Gs^Ft       , Gs^Fds      
Gs^Fds      , Gs^Fds      , Gs^Fds      , Gs^Fds      , Gs^Fds      , Gs^Fds      , Gs^Fds      , Ggf^Fds     , Gs^Fds      , Gs^Fds      , Gs^Fds      , Wo          , Gs^Fds      , Gs^Fds      , Gs^Fds      , Gs^Fds      , Gs^Fds      , Gs^Fds      , Gs^Fds      , Gs^Fds      , Gs^Fds      , Rd          , Rd          , Rd          , Gs^Fds      , Gs^Fds      , Gs^Fds      , Gs^Fds      , Gs^Fds      , Gs^Fds      , Gs^Fds      , Gs^Fds      , Gs^Fds      , Gs^Fds      , Ww          , Wo          , Wo          , Gs^Fds      , Gs^Fds      , Gs^Fds      , Gs^Fds      , Gs^Fds      , Gs^Fds      , Gs^Fds      , Gs^Fds      , Gs^Fds      , Gs^Fds      , Gs^Fds      , Gs^Fds      , Gs^Fds      , Gs^Fds      , Gs^Fds      
